###############################################################################
#
# IAR ELF Linker V8.32.1.169/W32 for ARM                  19/Jun/2020  16:33:11
# Copyright 2007-2018 IAR Systems AB.
#
#    Output file  =  
#        D:\Cube 例程\MC6030\MC6030-Example\EWARM\MC6030\Exe\MC6030.out
#    Map file     =  
#        D:\Cube 例程\MC6030\MC6030-Example\EWARM\MC6030\List\MC6030.map
#    Command line =  
#        -f C:\Users\chen\AppData\Local\Temp\EW62A8.tmp ("D:\Cube
#        例程\MC6030\MC6030-Example\EWARM\MC6030\Obj\ADC.o" "D:\Cube
#        例程\MC6030\MC6030-Example\EWARM\MC6030\Obj\main.o" "D:\Cube
#        例程\MC6030\MC6030-Example\EWARM\MC6030\Obj\RC_pwm.o" "D:\Cube
#        例程\MC6030\MC6030-Example\EWARM\MC6030\Obj\sbus.o" "D:\Cube
#        例程\MC6030\MC6030-Example\EWARM\MC6030\Obj\startup_stm32f446xx.o"
#        "D:\Cube
#        例程\MC6030\MC6030-Example\EWARM\MC6030\Obj\stm32f4xx_hal.o"
#        "D:\Cube
#        例程\MC6030\MC6030-Example\EWARM\MC6030\Obj\stm32f4xx_hal_adc.o"
#        "D:\Cube
#        例程\MC6030\MC6030-Example\EWARM\MC6030\Obj\stm32f4xx_hal_adc_ex.o"
#        "D:\Cube
#        例程\MC6030\MC6030-Example\EWARM\MC6030\Obj\stm32f4xx_hal_can.o"
#        "D:\Cube
#        例程\MC6030\MC6030-Example\EWARM\MC6030\Obj\stm32f4xx_hal_cortex.o"
#        "D:\Cube
#        例程\MC6030\MC6030-Example\EWARM\MC6030\Obj\stm32f4xx_hal_dma.o"
#        "D:\Cube
#        例程\MC6030\MC6030-Example\EWARM\MC6030\Obj\stm32f4xx_hal_dma_ex.o"
#        "D:\Cube
#        例程\MC6030\MC6030-Example\EWARM\MC6030\Obj\stm32f4xx_hal_exti.o"
#        "D:\Cube
#        例程\MC6030\MC6030-Example\EWARM\MC6030\Obj\stm32f4xx_hal_flash.o"
#        "D:\Cube
#        例程\MC6030\MC6030-Example\EWARM\MC6030\Obj\stm32f4xx_hal_flash_ex.o"
#        "D:\Cube
#        例程\MC6030\MC6030-Example\EWARM\MC6030\Obj\stm32f4xx_hal_flash_ramfunc.o"
#        "D:\Cube
#        例程\MC6030\MC6030-Example\EWARM\MC6030\Obj\stm32f4xx_hal_gpio.o"
#        "D:\Cube
#        例程\MC6030\MC6030-Example\EWARM\MC6030\Obj\stm32f4xx_hal_i2c.o"
#        "D:\Cube
#        例程\MC6030\MC6030-Example\EWARM\MC6030\Obj\stm32f4xx_hal_i2c_ex.o"
#        "D:\Cube
#        例程\MC6030\MC6030-Example\EWARM\MC6030\Obj\stm32f4xx_hal_msp.o"
#        "D:\Cube
#        例程\MC6030\MC6030-Example\EWARM\MC6030\Obj\stm32f4xx_hal_pwr.o"
#        "D:\Cube
#        例程\MC6030\MC6030-Example\EWARM\MC6030\Obj\stm32f4xx_hal_pwr_ex.o"
#        "D:\Cube
#        例程\MC6030\MC6030-Example\EWARM\MC6030\Obj\stm32f4xx_hal_rcc.o"
#        "D:\Cube
#        例程\MC6030\MC6030-Example\EWARM\MC6030\Obj\stm32f4xx_hal_rcc_ex.o"
#        "D:\Cube
#        例程\MC6030\MC6030-Example\EWARM\MC6030\Obj\stm32f4xx_hal_spi.o"
#        "D:\Cube
#        例程\MC6030\MC6030-Example\EWARM\MC6030\Obj\stm32f4xx_hal_tim.o"
#        "D:\Cube
#        例程\MC6030\MC6030-Example\EWARM\MC6030\Obj\stm32f4xx_hal_tim_ex.o"
#        "D:\Cube
#        例程\MC6030\MC6030-Example\EWARM\MC6030\Obj\stm32f4xx_hal_uart.o"
#        "D:\Cube 例程\MC6030\MC6030-Example\EWARM\MC6030\Obj\stm32f4xx_it.o"
#        "D:\Cube
#        例程\MC6030\MC6030-Example\EWARM\MC6030\Obj\system_stm32f4xx.o"
#        "D:\Cube 例程\MC6030\MC6030-Example\EWARM\MC6030\Obj\uart_printf.o"
#        "D:\Cube 例程\MC6030\MC6030-Example\EWARM\MC6030\Obj\user.o"
#        --redirect _Printf=_PrintfFull --redirect _Scanf=_ScanfFull
#        --no_out_extension -o "D:\Cube
#        例程\MC6030\MC6030-Example\EWARM\MC6030\Exe\MC6030.out" --map
#        "D:\Cube 例程\MC6030\MC6030-Example\EWARM\MC6030\List\MC6030.map"
#        --config "D:\Cube
#        例程\MC6030\MC6030-Example\EWARM/stm32f446xx_flash.icf"
#        --semihosting --entry __iar_program_start --vfe --text_out locale)
#
###############################################################################

*******************************************************************************
*** RUNTIME MODEL ATTRIBUTES
***

CppFlavor       = *
__SystemLibrary = DLib
__dlib_version  = 6


*******************************************************************************
*** HEAP SELECTION
***

The basic heap was selected because no calls to memory allocation
functions were found in the application outside of system library
functions, and there are calls to deallocation functions in the
application.


*******************************************************************************
*** PLACEMENT SUMMARY
***

"A0":  place at 0x800'0000 { ro section .intvec };
"P1":  place in [from 0x800'0000 to 0x807'ffff] { ro };
define block CSTACK with size = 1K, alignment = 8 { };
define block HEAP with size = 512, alignment = 8 { };
"P2":  place in [from 0x2000'0000 to 0x2001'ffff] {
          rw, block CSTACK, block HEAP };
initialize by copy { rw };

  Section            Kind         Address    Size  Object
  -------            ----         -------    ----  ------
"A0":                                       0x1c4
  .intvec            ro code   0x800'0000   0x1c4  startup_stm32f446xx.o [1]
                             - 0x800'01c4   0x1c4

"P1":                                      0x5401
  .text              ro code   0x800'01c4   0xf46  xprintffull.o [2]
  .text              ro code   0x800'110a    0x7a  lz77_init_single.o [4]
  .text              ro code   0x800'1184    0x78  xlocale_c.o [2]
  .text              ro code   0x800'11fc    0x16  strchr.o [4]
  .text              ro code   0x800'1212    0x3a  zero_init3.o [4]
  .text              ro code   0x800'124c    0x40  xfail_s.o [2]
  .text              ro code   0x800'128c    0x36  strlen.o [4]
  .text              ro code   0x800'12c2    0x1e  xencoding_8859_1.o [2]
  .text              ro code   0x800'12e0    0x58  memchr.o [4]
  .text              ro code   0x800'1338     0xa  xmbcurmax.o [2]
  .text              ro code   0x800'1344    0xa6  ABImemcpy.o [4]
  .text              ro code   0x800'13ec   0x106  I64DivMod_small.o [4]
  .text              ro code   0x800'14f4   0x1a2  DblMul.o [3]
  .text              ro code   0x800'1698    0x70  frexp.o [3]
  .text              ro code   0x800'1708    0x2e  DblCmpLe.o [3]
  .text              ro code   0x800'1738    0x2e  DblCmpGe.o [3]
  .text              ro code   0x800'1768   0x13a  ldexp.o [3]
  .text              ro code   0x800'18a4    0x3a  DblToS32.o [3]
  .text              ro code   0x800'18e0    0x22  S32ToDbl.o [3]
  .text              ro code   0x800'1904    0xe2  DblSub.o [3]
  .text              ro code   0x800'19e8   0x246  DblDiv.o [3]
  .text              ro code   0x800'1c30    0x28  DblToU32.o [3]
  .text              ro code   0x800'1c58    0x1a  U32ToDbl.o [3]
  .text              ro code   0x800'1c72     0x6  abort.o [2]
  .text              ro code   0x800'1c78     0x2  I64DivZer.o [4]
  .text              ro code   0x800'1c7c   0x16a  DblAdd.o [3]
  .text              ro code   0x800'1de8    0x14  exit.o [5]
  .text              ro code   0x800'1dfc   0x694  stm32f4xx_hal_tim.o [1]
  .text              ro code   0x800'2490   0x5c4  stm32f4xx_hal_msp.o [1]
  .text              ro code   0x800'2a54    0xb8  RC_pwm.o [1]
  .text              ro code   0x800'2b0c     0x2  stm32f4xx_hal_tim.o [1]
  .text              ro code   0x800'2b0e     0x2  stm32f4xx_hal_tim.o [1]
  .text              ro code   0x800'2b10     0x2  stm32f4xx_hal_tim_ex.o [1]
  .text              ro code   0x800'2b12     0x2  stm32f4xx_hal_tim.o [1]
  .text              ro code   0x800'2b14     0x2  stm32f4xx_hal_tim_ex.o [1]
  .text              ro code   0x800'2b16     0x2  stm32f4xx_hal_tim.o [1]
  .text              ro code   0x800'2b18   0x1f4  stm32f4xx_hal_gpio.o [1]
  .text              ro code   0x800'2d0c   0x374  stm32f4xx_hal_dma.o [1]
  .text              ro code   0x800'3080   0x54c  main.o [1]
  .text              ro code   0x800'35cc     0x6  ABImemclr4.o [4]
  .text              ro code   0x800'35d4    0xc4  stm32f4xx_hal_cortex.o [1]
  .text              ro code   0x800'3698     0xc  stm32f4xx_hal.o [1]
  .text              ro code   0x800'36a4    0x34  stm32f4xx_hal.o [1]
  .text              ro code   0x800'36d8   0x46e  stm32f4xx_hal_adc.o [1]
  .text              ro code   0x800'3b48   0x22a  stm32f4xx_hal_can.o [1]
  .text              ro code   0x800'3d74   0x5bc  stm32f4xx_hal_uart.o [1]
  .text              ro code   0x800'4330    0x82  stm32f4xx_hal_spi.o [1]
  .text              ro code   0x800'43b4    0x8c  stm32f4xx_hal_tim_ex.o [1]
  .text              ro code   0x800'4440   0x150  stm32f4xx_hal_i2c.o [1]
  .text              ro code   0x800'4590    0x28  stm32f4xx_hal.o [1]
  .text              ro code   0x800'45b8    0x28  printf.o [2]
  .text              ro code   0x800'45e0   0x288  ADC.o [1]
  .text              ro code   0x800'4868   0x3b8  stm32f4xx_hal_rcc_ex.o [1]
  .text              ro code   0x800'4c20    0x78  stm32f4xx_hal_pwr_ex.o [1]
  .text              ro code   0x800'4c98   0x14c  stm32f4xx_hal_rcc.o [1]
  .text              ro code   0x800'4de4    0x32  ABImemset48.o [4]
  .text              ro code   0x800'4e18    0x40  stm32f4xx_hal.o [1]
  .text              ro code   0x800'4e58     0x2  stm32f4xx_hal_adc.o [1]
  .text              ro code   0x800'4e5a     0x2  stm32f4xx_hal_adc.o [1]
  .text              ro code   0x800'4e5c     0x2  stm32f4xx_hal_adc.o [1]
  .text              ro code   0x800'4e5e     0x2  stm32f4xx_hal_uart.o [1]
  .text              ro code   0x800'4e60     0x2  stm32f4xx_hal_uart.o [1]
  .text              ro code   0x800'4e64    0x4c  sbus.o [1]
  .text              ro code   0x800'4eb0     0x2  stm32f4xx_hal_uart.o [1]
  .text              ro code   0x800'4eb4    0x48  FltToDbl.o [3]
  .text              ro code   0x800'4efc   0x328  user.o [1]
  .text              ro code   0x800'5224    0x80  stm32f4xx_it.o [1]
  .text              ro code   0x800'52a4    0x10  stm32f4xx_hal.o [1]
  .rodata            const     0x800'52b4    0x38  main.o [1]
  .text              ro code   0x800'52ec    0x2c  system_stm32f4xx.o [1]
  .text              ro code   0x800'5318    0x28  data_init.o [4]
  .text              ro code   0x800'5340    0x22  fpinit_M.o [3]
  .iar.init_table    const     0x800'5364    0x20  - Linker created -
  .text              ro code   0x800'5384    0x1e  cmain.o [4]
  .text              ro code   0x800'53a2     0x4  low_level_init.o [2]
  .text              ro code   0x800'53a6     0x4  exit.o [2]
  .text              ro code   0x800'53ac     0xa  cexit.o [4]
  .text              ro code   0x800'53b8    0x18  uart_printf.o [1]
  .text              ro code   0x800'53d0    0x16  xprout.o [2]
  .text              ro code   0x800'53e8     0xc  putchar.o [2]
  .text              ro code   0x800'53f4    0x10  startup_stm32f446xx.o [1]
  .text              ro code   0x800'5404     0xc  cstartup_M.o [4]
  .rodata            const     0x800'5410     0x8  system_stm32f4xx.o [1]
  .rodata            const     0x800'5418     0x6  xlocale_c.o [2]
  .text              ro code   0x800'541e     0x4  startup_stm32f446xx.o [1]
  .text              ro code   0x800'5422     0x4  startup_stm32f446xx.o [1]
  .text              ro code   0x800'5426     0x4  startup_stm32f446xx.o [1]
  .text              ro code   0x800'542a     0x4  startup_stm32f446xx.o [1]
  .text              ro code   0x800'542e     0x4  startup_stm32f446xx.o [1]
  .text              ro code   0x800'5432     0x4  startup_stm32f446xx.o [1]
  .text              ro code   0x800'5436     0x4  startup_stm32f446xx.o [1]
  .text              ro code   0x800'543a     0x4  startup_stm32f446xx.o [1]
  .text              ro code   0x800'543e     0x4  startup_stm32f446xx.o [1]
  .text              ro code   0x800'5442     0x4  startup_stm32f446xx.o [1]
  .text              ro code   0x800'5446     0x4  startup_stm32f446xx.o [1]
  .text              ro code   0x800'544a     0x4  startup_stm32f446xx.o [1]
  .text              ro code   0x800'544e     0x4  startup_stm32f446xx.o [1]
  .text              ro code   0x800'5452     0x4  startup_stm32f446xx.o [1]
  .text              ro code   0x800'5456     0x4  startup_stm32f446xx.o [1]
  .text              ro code   0x800'545a     0x4  startup_stm32f446xx.o [1]
  .text              ro code   0x800'545e     0x4  startup_stm32f446xx.o [1]
  .text              ro code   0x800'5462     0x4  startup_stm32f446xx.o [1]
  .text              ro code   0x800'5466     0x4  startup_stm32f446xx.o [1]
  .text              ro code   0x800'546a     0x4  startup_stm32f446xx.o [1]
  .text              ro code   0x800'546e     0x4  startup_stm32f446xx.o [1]
  .text              ro code   0x800'5472     0x4  startup_stm32f446xx.o [1]
  .text              ro code   0x800'5476     0x4  startup_stm32f446xx.o [1]
  .text              ro code   0x800'547a     0x4  startup_stm32f446xx.o [1]
  .text              ro code   0x800'547e     0x4  startup_stm32f446xx.o [1]
  .text              ro code   0x800'5482     0x4  startup_stm32f446xx.o [1]
  .text              ro code   0x800'5486     0x4  startup_stm32f446xx.o [1]
  .text              ro code   0x800'548a     0x4  startup_stm32f446xx.o [1]
  .text              ro code   0x800'548e     0x4  startup_stm32f446xx.o [1]
  .text              ro code   0x800'5492     0x4  startup_stm32f446xx.o [1]
  .text              ro code   0x800'5496     0x4  startup_stm32f446xx.o [1]
  .text              ro code   0x800'549a     0x4  startup_stm32f446xx.o [1]
  .text              ro code   0x800'549e     0x4  startup_stm32f446xx.o [1]
  .text              ro code   0x800'54a2     0x4  startup_stm32f446xx.o [1]
  .text              ro code   0x800'54a6     0x4  startup_stm32f446xx.o [1]
  .text              ro code   0x800'54aa     0x4  startup_stm32f446xx.o [1]
  .text              ro code   0x800'54ae     0x4  startup_stm32f446xx.o [1]
  .text              ro code   0x800'54b2     0x4  startup_stm32f446xx.o [1]
  .text              ro code   0x800'54b6     0x4  startup_stm32f446xx.o [1]
  .text              ro code   0x800'54ba     0x4  startup_stm32f446xx.o [1]
  .text              ro code   0x800'54be     0x4  startup_stm32f446xx.o [1]
  .text              ro code   0x800'54c2     0x4  startup_stm32f446xx.o [1]
  .text              ro code   0x800'54c6     0x4  startup_stm32f446xx.o [1]
  .text              ro code   0x800'54ca     0x4  startup_stm32f446xx.o [1]
  .text              ro code   0x800'54ce     0x4  startup_stm32f446xx.o [1]
  .text              ro code   0x800'54d2     0x4  startup_stm32f446xx.o [1]
  .text              ro code   0x800'54d6     0x4  startup_stm32f446xx.o [1]
  .text              ro code   0x800'54da     0x4  startup_stm32f446xx.o [1]
  .text              ro code   0x800'54de     0x4  startup_stm32f446xx.o [1]
  .text              ro code   0x800'54e2     0x4  startup_stm32f446xx.o [1]
  .text              ro code   0x800'54e6     0x4  startup_stm32f446xx.o [1]
  .text              ro code   0x800'54ea     0x4  startup_stm32f446xx.o [1]
  .text              ro code   0x800'54ee     0x4  startup_stm32f446xx.o [1]
  .text              ro code   0x800'54f2     0x4  startup_stm32f446xx.o [1]
  .text              ro code   0x800'54f6     0x4  startup_stm32f446xx.o [1]
  .text              ro code   0x800'54fa     0x4  startup_stm32f446xx.o [1]
  .text              ro code   0x800'54fe     0x4  startup_stm32f446xx.o [1]
  .text              ro code   0x800'5502     0x4  startup_stm32f446xx.o [1]
  .text              ro code   0x800'5506     0x4  startup_stm32f446xx.o [1]
  .text              ro code   0x800'550a     0x4  startup_stm32f446xx.o [1]
  .text              ro code   0x800'550e     0x4  startup_stm32f446xx.o [1]
  .text              ro code   0x800'5512     0x4  startup_stm32f446xx.o [1]
  .text              ro code   0x800'5516     0x4  startup_stm32f446xx.o [1]
  .text              ro code   0x800'551a     0x4  startup_stm32f446xx.o [1]
  .text              ro code   0x800'551e     0x4  startup_stm32f446xx.o [1]
  .text              ro code   0x800'5522     0x4  startup_stm32f446xx.o [1]
  .text              ro code   0x800'5526     0x4  startup_stm32f446xx.o [1]
  .text              ro code   0x800'552a     0x4  startup_stm32f446xx.o [1]
  .text              ro code   0x800'552e     0x4  startup_stm32f446xx.o [1]
  .text              ro code   0x800'5532     0x4  startup_stm32f446xx.o [1]
  .text              ro code   0x800'5536     0x4  startup_stm32f446xx.o [1]
  .text              ro code   0x800'553a     0x4  startup_stm32f446xx.o [1]
  .text              ro code   0x800'553e     0x4  startup_stm32f446xx.o [1]
  .text              ro code   0x800'5542     0x4  startup_stm32f446xx.o [1]
  .text              ro code   0x800'5546     0x4  startup_stm32f446xx.o [1]
  .text              ro code   0x800'554a     0x4  startup_stm32f446xx.o [1]
  .text              ro code   0x800'554e     0x4  startup_stm32f446xx.o [1]
  .text              ro code   0x800'5552     0x4  startup_stm32f446xx.o [1]
  .text              ro code   0x800'5556     0x4  startup_stm32f446xx.o [1]
  .text              ro code   0x800'555a     0x4  startup_stm32f446xx.o [1]
  .text              ro code   0x800'555e     0x4  startup_stm32f446xx.o [1]
  .text              ro code   0x800'5562     0x4  startup_stm32f446xx.o [1]
  .rodata            const     0x800'5566     0x0  zero_init3.o [4]
  .rodata            const     0x800'5566     0x0  lz77_init_single.o [4]
  Initializer bytes  const     0x800'5566    0x5f  <for P2-1>
                             - 0x800'55c5  0x5401

"P2", part 1 of 3:                          0x174
  P2-1                        0x2000'0000   0x174  <Init block>
    .data            inited   0x2000'0000    0x98  main.o [1]
    .data            inited   0x2000'0098     0xc  stm32f4xx_hal.o [1]
    .data            inited   0x2000'00a4     0x4  system_stm32f4xx.o [1]
    .data            inited   0x2000'00a8    0x38  xlocale_c.o [2]
    .data            inited   0x2000'00e0    0x48  xlocale_c.o [2]
    .data            inited   0x2000'0128    0x48  xfiles.o [2]
    .data            inited   0x2000'0170     0x4  sbus.o [1]
                            - 0x2000'0174   0x174

"P2", part 2 of 3:                          0x4b4
  .bss               zero     0x2000'0174   0x27c  main.o [1]
  .bss               zero     0x2000'03f0    0xb0  ADC.o [1]
  .bss               zero     0x2000'04a0    0x60  main.o [1]
  .bss               zero     0x2000'0500    0x60  main.o [1]
  .bss               zero     0x2000'0560    0x50  xfiles.o [2]
  .bss               zero     0x2000'05b0    0x3c  RC_pwm.o [1]
  .bss               zero     0x2000'05ec    0x1c  user.o [1]
  .bss               zero     0x2000'0608     0xc  stm32f4xx_it.o [1]
  .bss               zero     0x2000'0614     0x4  ADC.o [1]
  .bss               zero     0x2000'0618     0x4  user.o [1]
  .bss               zero     0x2000'061c     0x4  user.o [1]
  .bss               zero     0x2000'0620     0x4  xfail_s.o [2]
  .bss               zero     0x2000'0624     0x1  user.o [1]
                            - 0x2000'0625   0x4b1

"P2", part 3 of 3:                          0x400
  CSTACK                      0x2000'0628   0x400  <Block>
    CSTACK           uninit   0x2000'0628   0x400  <Block tail>
                            - 0x2000'0a28   0x400

Unused ranges:

         From           To      Size
         ----           --      ----
   0x800'55c5   0x807'ffff  0x7'aa3b
  0x2000'0a28  0x2001'ffff  0x1'f5d8


*******************************************************************************
*** INIT TABLE
***

          Address      Size
          -------      ----
Zero (__iar_zero_init3)
    1 destination range, total size 0x4b1:
          0x2000'0174  0x4b1

Copy/lz77 (__iar_lz77_init_single3)
    1 source range, total size 0x5f (25% of destination):
           0x800'5566   0x5f
    1 destination range, total size 0x174:
          0x2000'0000  0x174



*******************************************************************************
*** MODULE SUMMARY
***

    Module                  ro code  ro data  rw data
    ------                  -------  -------  -------
command line/config:
    -------------------------------------------------
    Total:

D:\Cube 例程\MC6030\MC6030-Example\EWARM\MC6030\Obj: [1]
    ADC.o                       648               180
    RC_pwm.o                    184                60
    main.o                    1 356       94      980
    sbus.o                       76        2        4
    startup_stm32f446xx.o       796
    stm32f4xx_hal.o             184        3       12
    stm32f4xx_hal_adc.o       1 140
    stm32f4xx_hal_can.o         554
    stm32f4xx_hal_cortex.o      196
    stm32f4xx_hal_dma.o         884
    stm32f4xx_hal_gpio.o        500
    stm32f4xx_hal_i2c.o         336
    stm32f4xx_hal_msp.o       1 476
    stm32f4xx_hal_pwr_ex.o      120
    stm32f4xx_hal_rcc.o         332
    stm32f4xx_hal_rcc_ex.o      952
    stm32f4xx_hal_spi.o         130
    stm32f4xx_hal_tim.o       1 692
    stm32f4xx_hal_tim_ex.o      144
    stm32f4xx_hal_uart.o      1 474
    stm32f4xx_it.o              128                12
    system_stm32f4xx.o           44        9        4
    uart_printf.o                24
    user.o                      808                37
    -------------------------------------------------
    Total:                   14 178      108    1 289

dl7M_tlf.a: [2]
    abort.o                       6
    exit.o                        4
    low_level_init.o              4
    printf.o                     40
    putchar.o                    12
    xencoding_8859_1.o           30
    xfail_s.o                    64                 4
    xfiles.o                              18      152
    xlocale_c.o                 120       39      128
    xmbcurmax.o                  10
    xprintffull.o             3 910
    xprout.o                     22
    -------------------------------------------------
    Total:                    4 222       57      284

m7M_tls.a: [3]
    DblAdd.o                    362
    DblCmpGe.o                   46
    DblCmpLe.o                   46
    DblDiv.o                    582
    DblMul.o                    418
    DblSub.o                    226
    DblToS32.o                   58
    DblToU32.o                   40
    FltToDbl.o                   72
    S32ToDbl.o                   34
    U32ToDbl.o                   26
    fpinit_M.o                   34
    frexp.o                     112
    ldexp.o                     314
    -------------------------------------------------
    Total:                    2 370

rt7M_tl.a: [4]
    ABImemclr4.o                  6
    ABImemcpy.o                 166
    ABImemset48.o                50
    I64DivMod_small.o           262
    I64DivZer.o                   2
    cexit.o                      10
    cmain.o                      30
    cstartup_M.o                 12
    data_init.o                  40
    lz77_init_single.o          122
    memchr.o                     88
    strchr.o                     22
    strlen.o                     54
    zero_init3.o                 58
    -------------------------------------------------
    Total:                      922

shb_l.a: [5]
    exit.o                       20
    -------------------------------------------------
    Total:                       20

    Gaps                         46        2
    Linker created                        32    1 024
-----------------------------------------------------
    Grand Total:             21 758      199    2 597


*******************************************************************************
*** ENTRY LIST
***

Entry                       Address   Size  Type      Object
-----                       -------   ----  ----      ------
.iar.init_table$$Base    0x800'5364          --   Gb  - Linker created -
.iar.init_table$$Limit   0x800'5384          --   Gb  - Linker created -
?main                    0x800'5385         Code  Gb  cmain.o [4]
ADC_DMAConvCplt          0x800'3ac5   0x66  Code  Lc  stm32f4xx_hal_adc.o [1]
ADC_DMAError             0x800'3b35   0x12  Code  Lc  stm32f4xx_hal_adc.o [1]
ADC_DMAHalfConvCplt      0x800'3b2d    0x6  Code  Lc  stm32f4xx_hal_adc.o [1]
ADC_Init                 0x800'39a3   0xf8  Code  Lc  stm32f4xx_hal_adc.o [1]
ADC_Value               0x2000'03f4   0xa0  Data  Gb  ADC.o [1]
AHBPrescTable            0x800'5308   0x10  Data  Gb  system_stm32f4xx.o [1]
APBPrescTable            0x800'5410    0x8  Data  Gb  system_stm32f4xx.o [1]
Adc_Convert              0x800'45e1  0x10e  Code  Gb  ADC.o [1]
Angle                   0x2000'0618    0x4  Data  Gb  user.o [1]
BusFault_Handler         0x800'522b    0x2  Code  Gb  stm32f4xx_it.o [1]
Bus_current             0x2000'03f2    0x2  Data  Gb  ADC.o [1]
CSTACK$$Base            0x2000'0628          --   Gb  - Linker created -
CSTACK$$Limit           0x2000'0a28          --   Gb  - Linker created -
CacheMore                0x800'1189   0x24  Code  Lc  xlocale_c.o [2]
CaptureNumber_CH1       0x2000'05b0    0x1  Data  Gb  RC_pwm.o [1]
CaptureNumber_CH2       0x2000'05b1    0x1  Data  Gb  RC_pwm.o [1]
Checksumcrc              0x800'51d3   0x1c  Code  Gb  user.o [1]
Control_Mode            0x2000'0624    0x1  Data  Gb  user.o [1]
DMA1_Stream1_IRQHandler
                         0x800'5239    0x6  Code  Gb  stm32f4xx_it.o [1]
DMA2_Stream0_IRQHandler
                         0x800'5285    0x6  Code  Gb  stm32f4xx_it.o [1]
DMA_CalcBaseAndBitshift
                         0x800'3051   0x26  Code  Lc  stm32f4xx_hal_dma.o [1]
DMA_CalcBaseAndBitshift::flagBitshiftOffset
                         0x800'3078    0x8  Data  Lc  stm32f4xx_hal_dma.o [1]
DMA_SetConfig            0x800'3031   0x20  Code  Lc  stm32f4xx_hal_dma.o [1]
DebugMon_Handler         0x800'5231    0x2  Code  Gb  stm32f4xx_it.o [1]
Error_Handler            0x800'35b9    0x2  Code  Gb  main.o [1]
HAL_ADC_ConfigChannel    0x800'385b  0x122  Code  Gb  stm32f4xx_hal_adc.o [1]
HAL_ADC_Init             0x800'36d9   0x50  Code  Gb  stm32f4xx_hal_adc.o [1]
HAL_ADC_MspInit          0x800'24c7   0x90  Code  Gb  stm32f4xx_hal_msp.o [1]
HAL_ADC_Start_DMA        0x800'3747  0x114  Code  Gb  stm32f4xx_hal_adc.o [1]
HAL_CAN_AddTxMessage     0x800'3ca9   0xc4  Code  Gb  stm32f4xx_hal_can.o [1]
HAL_CAN_Init             0x800'3b49   0xe6  Code  Gb  stm32f4xx_hal_can.o [1]
HAL_CAN_MspInit          0x800'2557   0x44  Code  Gb  stm32f4xx_hal_msp.o [1]
HAL_CAN_Start            0x800'3c37   0x4c  Code  Gb  stm32f4xx_hal_can.o [1]
HAL_DMA_Abort_IT         0x800'2e5d   0x24  Code  Gb  stm32f4xx_hal_dma.o [1]
HAL_DMA_IRQHandler       0x800'2e81  0x192  Code  Gb  stm32f4xx_hal_dma.o [1]
HAL_DMA_Init             0x800'2d0d   0xee  Code  Gb  stm32f4xx_hal_dma.o [1]
HAL_DMA_Start_IT         0x800'2dfb   0x62  Code  Gb  stm32f4xx_hal_dma.o [1]
HAL_Delay                0x800'4591   0x28  Code  Wk  stm32f4xx_hal.o [1]
HAL_GPIO_Init            0x800'2b19  0x1a8  Code  Gb  stm32f4xx_hal_gpio.o [1]
HAL_GPIO_ReadPin         0x800'2cc1    0xc  Code  Gb  stm32f4xx_hal_gpio.o [1]
HAL_GPIO_TogglePin       0x800'2cd5    0xe  Code  Gb  stm32f4xx_hal_gpio.o [1]
HAL_GPIO_WritePin        0x800'2ccd    0x8  Code  Gb  stm32f4xx_hal_gpio.o [1]
HAL_GetTick              0x800'3699    0xc  Code  Wk  stm32f4xx_hal.o [1]
HAL_I2C_Init             0x800'4441  0x12c  Code  Gb  stm32f4xx_hal_i2c.o [1]
HAL_I2C_MspInit          0x800'25a5   0x96  Code  Gb  stm32f4xx_hal_msp.o [1]
HAL_IncTick              0x800'52a5   0x10  Code  Wk  stm32f4xx_hal.o [1]
HAL_Init                 0x800'36a5   0x30  Code  Gb  stm32f4xx_hal.o [1]
HAL_InitTick             0x800'4e19   0x40  Code  Wk  stm32f4xx_hal.o [1]
HAL_MspInit              0x800'2491   0x36  Code  Gb  stm32f4xx_hal_msp.o [1]
HAL_NVIC_EnableIRQ       0x800'3643   0x16  Code  Gb  stm32f4xx_hal_cortex.o [1]
HAL_NVIC_SetPriority     0x800'3609   0x3a  Code  Gb  stm32f4xx_hal_cortex.o [1]
HAL_NVIC_SetPriorityGrouping
                         0x800'35ef   0x1a  Code  Gb  stm32f4xx_hal_cortex.o [1]
HAL_PWREx_EnableOverDrive
                         0x800'4c21   0x48  Code  Gb  stm32f4xx_hal_pwr_ex.o [1]
HAL_RCC_ClockConfig      0x800'4c99  0x100  Code  Gb  stm32f4xx_hal_rcc.o [1]
HAL_RCC_GetPCLK1Freq     0x800'4da5   0x10  Code  Gb  stm32f4xx_hal_rcc.o [1]
HAL_RCC_GetPCLK2Freq     0x800'4db5    0xe  Code  Gb  stm32f4xx_hal_rcc.o [1]
HAL_RCC_GetSysClockFreq
                         0x800'4871   0x7a  Code  Gb  stm32f4xx_hal_rcc_ex.o [1]
HAL_RCC_OscConfig        0x800'48fb  0x2f6  Code  Gb  stm32f4xx_hal_rcc_ex.o [1]
HAL_SPI_Init             0x800'4331   0x76  Code  Gb  stm32f4xx_hal_spi.o [1]
HAL_SPI_MspInit          0x800'263b   0x76  Code  Gb  stm32f4xx_hal_msp.o [1]
HAL_SYSTICK_Config       0x800'3659   0x28  Code  Gb  stm32f4xx_hal_cortex.o [1]
HAL_TIMEx_BreakCallback
                         0x800'2b11    0x2  Code  Wk  stm32f4xx_hal_tim_ex.o [1]
HAL_TIMEx_CommutCallback
                         0x800'2b15    0x2  Code  Wk  stm32f4xx_hal_tim_ex.o [1]
HAL_TIMEx_MasterConfigSynchronization
                         0x800'43b5   0x6e  Code  Gb  stm32f4xx_hal_tim_ex.o [1]
HAL_TIM_Base_Init        0x800'1dfd   0x1a  Code  Gb  stm32f4xx_hal_tim.o [1]
HAL_TIM_Base_MspInit     0x800'279d   0x38  Code  Gb  stm32f4xx_hal_msp.o [1]
HAL_TIM_Base_Start_IT    0x800'1e17   0x20  Code  Gb  stm32f4xx_hal_tim.o [1]
HAL_TIM_IC_CaptureCallback
                         0x800'2a55   0x9c  Code  Gb  RC_pwm.o [1]
HAL_TIM_IC_ConfigChannel
                         0x800'1fd7   0xf4  Code  Gb  stm32f4xx_hal_tim.o [1]
HAL_TIM_IC_Init          0x800'1e65   0x1a  Code  Gb  stm32f4xx_hal_tim.o [1]
HAL_TIM_IC_MspInit       0x800'26f1   0x74  Code  Gb  stm32f4xx_hal_msp.o [1]
HAL_TIM_IRQHandler       0x800'1e8f  0x142  Code  Gb  stm32f4xx_hal_tim.o [1]
HAL_TIM_MspPostInit      0x800'27d5   0x42  Code  Gb  stm32f4xx_hal_msp.o [1]
HAL_TIM_PWM_ConfigChannel
                         0x800'20cb   0xbc  Code  Gb  stm32f4xx_hal_tim.o [1]
HAL_TIM_PWM_Init         0x800'1e4b   0x1a  Code  Gb  stm32f4xx_hal_tim.o [1]
HAL_TIM_PWM_MspInit      0x800'2773   0x2a  Code  Gb  stm32f4xx_hal_msp.o [1]
HAL_TIM_ReadCapturedValue
                         0x800'21bb   0x2c  Code  Gb  stm32f4xx_hal_tim.o [1]
HAL_UART_IRQHandler      0x800'3f3d  0x152  Code  Gb  stm32f4xx_hal_uart.o [1]
HAL_UART_Init            0x800'3d75   0x1e  Code  Gb  stm32f4xx_hal_uart.o [1]
HAL_UART_MspInit         0x800'2823  0x1ba  Code  Gb  stm32f4xx_hal_msp.o [1]
HAL_UART_Receive_DMA     0x800'3e9f   0x92  Code  Gb  stm32f4xx_hal_uart.o [1]
HAL_UART_RxCpltCallback
                         0x800'4e65   0x3a  Code  Gb  sbus.o [1]
HAL_UART_Transmit        0x800'3deb   0xac  Code  Gb  stm32f4xx_hal_uart.o [1]
HardFault_Handler        0x800'5227    0x2  Code  Gb  stm32f4xx_it.o [1]
I2C3_ReceiveBuffer      0x2000'0096    0x2  Data  Gb  main.o [1]
I2C3_Reg_Id             0x2000'0094    0x1  Data  Gb  main.o [1]
LoadInt                  0x800'0387   0x7a  Code  Lc  xprintffull.o [2]
MX_GPIO_Init             0x800'347f   0xd8  Code  Lc  main.o [1]
MemManage_Handler        0x800'5229    0x2  Code  Gb  stm32f4xx_it.o [1]
Mode_Select              0x800'51ef   0x1c  Code  Gb  user.o [1]
Motor_Off                0x800'4fbf   0x34  Code  Gb  user.o [1]
Multi_angleControl_2     0x800'4f71   0x40  Code  Gb  user.o [1]
NMI_Handler              0x800'5225    0x2  Code  Gb  stm32f4xx_it.o [1]
PendSV_Handler           0x800'5233    0x2  Code  Gb  stm32f4xx_it.o [1]
RS_Motor_Off             0x800'517f   0x24  Code  Gb  user.o [1]
RS_angleControl_2        0x800'5035   0x9c  Code  Gb  user.o [1]
RS_speedControl          0x800'500d    0xc  Code  Gb  user.o [1]
Region$$Table$$Base      0x800'5364          --   Gb  - Linker created -
Region$$Table$$Limit     0x800'5384          --   Gb  - Linker created -
SVC_Handler              0x800'522f    0x2  Code  Gb  stm32f4xx_it.o [1]
Speed                   0x2000'061c    0x4  Data  Gb  user.o [1]
SysTick_Handler          0x800'5235    0x4  Code  Gb  stm32f4xx_it.o [1]
SystemClock_Config       0x800'33e5   0x9a  Code  Gb  main.o [1]
SystemCoreClock         0x2000'00a4    0x4  Data  Gb  system_stm32f4xx.o [1]
SystemInit               0x800'52ed   0x14  Code  Gb  system_stm32f4xx.o [1]
TIM8_TRG_COM_TIM14_IRQHandler
                         0x800'5245   0x40  Code  Gb  stm32f4xx_it.o [1]
TIM_Base_SetConfig       0x800'21e7   0x96  Code  Gb  stm32f4xx_hal_tim.o [1]
TIM_OC1_SetConfig        0x800'227d   0x58  Code  Lc  stm32f4xx_hal_tim.o [1]
TIM_OC2_SetConfig        0x800'22d5   0x60  Code  Gb  stm32f4xx_hal_tim.o [1]
TIM_OC3_SetConfig        0x800'2335   0x5e  Code  Lc  stm32f4xx_hal_tim.o [1]
TIM_OC4_SetConfig        0x800'2393   0x46  Code  Lc  stm32f4xx_hal_tim.o [1]
TIM_TI1_SetConfig        0x800'23d9   0x5e  Code  Gb  stm32f4xx_hal_tim.o [1]
TIM_TI2_SetConfig        0x800'2465   0x2c  Code  Lc  stm32f4xx_hal_tim.o [1]
Ton_value_CH1           0x2000'05e0    0x4  Data  Gb  RC_pwm.o [1]
Ton_value_CH2           0x2000'05e4    0x4  Data  Gb  RC_pwm.o [1]
Ton_value_CH3           0x2000'05e8    0x4  Data  Gb  RC_pwm.o [1]
TxHeader                0x2000'05ec   0x18  Data  Gb  user.o [1]
TxMailbox               0x2000'0604    0x4  Data  Gb  user.o [1]
UART_DMAAbortOnError     0x800'41ad    0xc  Code  Lc  stm32f4xx_hal_uart.o [1]
UART_DMAError            0x800'40d1   0x4a  Code  Lc  stm32f4xx_hal_uart.o [1]
UART_DMAReceiveCplt      0x800'4091   0x38  Code  Lc  stm32f4xx_hal_uart.o [1]
UART_DMARxHalfCplt       0x800'40c9    0x6  Code  Lc  stm32f4xx_hal_uart.o [1]
UART_EndRxTransfer       0x800'4191   0x1c  Code  Lc  stm32f4xx_hal_uart.o [1]
UART_EndTxTransfer       0x800'417f   0x12  Code  Lc  stm32f4xx_hal_uart.o [1]
UART_Receive_IT          0x800'41b9   0x92  Code  Lc  stm32f4xx_hal_uart.o [1]
UART_SetConfig           0x800'424b   0xca  Code  Lc  stm32f4xx_hal_uart.o [1]
UART_WaitOnFlagUntilTimeout
                         0x800'411b   0x56  Code  Lc  stm32f4xx_hal_uart.o [1]
USART3_IRQHandler        0x800'523f    0x6  Code  Gb  stm32f4xx_it.o [1]
Uart3_receive_buf       0x2000'03bc   0x34  Data  Gb  main.o [1]
UsageFault_Handler       0x800'522d    0x2  Code  Gb  stm32f4xx_it.o [1]
Vs_m                    0x2000'05b4   0x14  Data  Lc  RC_pwm.o [1]
_Encoding_8859_1_Mbrlen
                         0x800'12d5    0x2  Code  Gb  xencoding_8859_1.o [2]
_Encoding_8859_1_Wctomb
                         0x800'12c3   0x12  Code  Gb  xencoding_8859_1.o [2]
_GenldFull               0x800'0de5  0x274  Code  Lc  xprintffull.o [2]
_LdtobFull               0x800'09e1  0x3d6  Code  Lc  xprintffull.o [2]
_LitobFull               0x800'0891  0x10a  Code  Lc  xprintffull.o [2]
_Locale_lconv           0x2000'00a8   0x38  Data  Lc  xlocale_c.o [2]
_PrintfFull              0x800'01c5  0x1aa  Code  Gb  xprintffull.o [2]
_Prout                   0x800'53d1   0x16  Code  Gb  xprout.o [2]
_PutcharsFull            0x800'1059   0x2e  Code  Lc  xprintffull.o [2]
_PutfldFull              0x800'0401  0x2d4  Code  Lc  xprintffull.o [2]
_PutstrFull              0x800'07cb   0xc6  Code  Lc  xprintffull.o [2]
_PuttxtFull              0x800'06d5   0xf6  Code  Lc  xprintffull.o [2]
__NVIC_SetPriority       0x800'35d5   0x1a  Code  Lc  stm32f4xx_hal_cortex.o [1]
__aeabi_cdcmple          0x800'1709         Code  Gb  DblCmpLe.o [3]
__aeabi_cdrcmple         0x800'1739         Code  Gb  DblCmpGe.o [3]
__aeabi_d2iz             0x800'18a5         Code  Gb  DblToS32.o [3]
__aeabi_d2uiz            0x800'1c31         Code  Gb  DblToU32.o [3]
__aeabi_ddiv             0x800'19e9         Code  Gb  DblDiv.o [3]
__aeabi_dmul             0x800'14f5         Code  Gb  DblMul.o [3]
__aeabi_dsub             0x800'1905         Code  Gb  DblSub.o [3]
__aeabi_f2d              0x800'4eb5         Code  Gb  FltToDbl.o [3]
__aeabi_i2d              0x800'18e1         Code  Gb  S32ToDbl.o [3]
__aeabi_ldiv0            0x800'1c79         Code  Gb  I64DivZer.o [4]
__aeabi_memclr4          0x800'35cd         Code  Gb  ABImemclr4.o [4]
__aeabi_memcpy           0x800'1345         Code  Gb  ABImemcpy.o [4]
__aeabi_memcpy4          0x800'1365         Code  Gb  ABImemcpy.o [4]
__aeabi_memcpy8          0x800'1365         Code  Gb  ABImemcpy.o [4]
__aeabi_ui2d             0x800'1c59         Code  Gb  U32ToDbl.o [3]
__cmain                  0x800'5385         Code  Gb  cmain.o [4]
__exit                   0x800'1de9   0x14  Code  Gb  exit.o [5]
__iar_Fail_s             0x800'124d   0x1c  Code  Gb  xfail_s.o [2]
__iar_Mbcurmax           0x800'1339    0xa  Code  Gb  xmbcurmax.o [2]
__iar_Memchr             0x800'12e1         Code  Gb  memchr.o [4]
__iar_Memset4_word       0x800'4de5         Code  Gb  ABImemset48.o [4]
__iar_Memset8_word       0x800'4de5         Code  Gb  ABImemset48.o [4]
__iar_Stdout            0x2000'0128   0x48  Data  Gb  xfiles.o [2]
__iar_Strchr             0x800'11fd         Code  Gb  strchr.o [4]
__iar_dadd               0x800'1915         Code  Gb  DblSub.o [3]
__iar_data_init3         0x800'5319   0x28  Code  Gb  data_init.o [4]
__iar_dsub               0x800'1c7d         Code  Gb  DblAdd.o [3]
__iar_dsubStart          0x800'1c8f         Code  Gb  DblAdd.o [3]
__iar_frexp              0x800'16a5         Code  Gb  frexp.o [3]
__iar_frexpl             0x800'16a5         Code  Gb  frexp.o [3]
__iar_globLocale        0x2000'00e0   0x48  Data  Lc  xlocale_c.o [2]
__iar_global_Locale      0x800'1185    0x4  Code  Gb  xlocale_c.o [2]
__iar_init_vfp           0x800'5341         Code  Gb  fpinit_M.o [3]
__iar_ldexp64            0x800'1769         Code  Gb  ldexp.o [3]
__iar_lz77_init_single3
                         0x800'110b   0x7a  Code  Gb  lz77_init_single.o [4]
__iar_program_start      0x800'5405         Code  Gb  cstartup_M.o [4]
__iar_scalbln64          0x800'1769         Code  Gb  ldexp.o [3]
__iar_scalbn64           0x800'1769         Code  Gb  ldexp.o [3]
__iar_small_uldivmod     0x800'13ed         Code  Gb  I64DivMod_small.o [4]
__iar_softfp___iar_frexp64
                         0x800'1699         Code  Gb  frexp.o [3]
__iar_softfp_frexp       0x800'1699         Code  Gb  frexp.o [3]
__iar_softfp_frexpl      0x800'1699         Code  Gb  frexp.o [3]
__iar_zero_init3         0x800'1213   0x3a  Code  Gb  zero_init3.o [4]
__low_level_init         0x800'53a3    0x4  Code  Gb  low_level_init.o [2]
__vector_table           0x800'0000         Data  Gb  startup_stm32f446xx.o [1]
_call_main               0x800'5391         Code  Gb  cmain.o [4]
_exit                    0x800'53ad         Code  Gb  cexit.o [4]
_gLocale_mblen           0x800'11e9    0x4  Code  Gb  xlocale_c.o [2]
_gLocale_mblenInt        0x800'11ad   0x2c  Code  Gb  xlocale_c.o [2]
_gLocale_wctomb          0x800'11ed    0x4  Code  Gb  xlocale_c.o [2]
_gLocale_wctombInt       0x800'11e5    0x4  Code  Gb  xlocale_c.o [2]
_main                    0x800'539f         Code  Gb  cmain.o [4]
abort                    0x800'1c73    0x6  Code  Gb  abort.o [2]
ad1                     0x2000'0494    0x4  Data  Gb  ADC.o [1]
ad2                     0x2000'0498    0x4  Data  Gb  ADC.o [1]
ad3                     0x2000'049c    0x4  Data  Gb  ADC.o [1]
ad4                     0x2000'0614    0x4  Data  Gb  ADC.o [1]
capture_Buf_CH1         0x2000'05c8    0x8  Data  Gb  RC_pwm.o [1]
capture_Buf_CH2         0x2000'05d0    0x8  Data  Gb  RC_pwm.o [1]
capture_Buf_CH3         0x2000'05d8    0x8  Data  Gb  RC_pwm.o [1]
end_flge                0x2000'0172    0x2  Data  Gb  sbus.o [1]
error                   0x2000'0170    0x1  Data  Gb  sbus.o [1]
exit                     0x800'53a7    0x4  Code  Gb  exit.o [2]
fputc                    0x800'53b9   0x18  Code  Gb  uart_printf.o [1]
hadc1                   0x2000'0174   0x48  Data  Gb  main.o [1]
hcan1                   0x2000'01bc   0x28  Data  Gb  main.o [1]
hdma_adc1               0x2000'04a0   0x60  Data  Gb  main.o [1]
hdma_usart3_rx          0x2000'0500   0x60  Data  Gb  main.o [1]
hi2c3                   0x2000'0000   0x54  Data  Gb  main.o [1]
hspi1                   0x2000'01e4   0x58  Data  Gb  main.o [1]
htim14                  0x2000'037c   0x40  Data  Gb  main.o [1]
htim3                   0x2000'02fc   0x40  Data  Gb  main.o [1]
htim4                   0x2000'033c   0x40  Data  Gb  main.o [1]
huart1                  0x2000'0054   0x40  Data  Gb  main.o [1]
huart3                  0x2000'02bc   0x40  Data  Gb  main.o [1]
huart4                  0x2000'023c   0x40  Data  Gb  main.o [1]
huart5                  0x2000'027c   0x40  Data  Gb  main.o [1]
i                       0x2000'03f0    0x1  Data  Gb  ADC.o [1]
ldexp                    0x800'1769         Code  Gb  ldexp.o [3]
ldexpl                   0x800'1769         Code  Gb  ldexp.o [3]
localeconv               0x800'11f1    0x4  Code  Gb  xlocale_c.o [2]
main                     0x800'3081  0x34a  Code  Gb  main.o [1]
memchr                   0x800'12e1         Code  Gb  memchr.o [4]
obuf                    0x2000'0560   0x50  Data  Lc  xfiles.o [2]
potentiometer_Control    0x800'46f1   0xd0  Code  Gb  ADC.o [1]
printf                   0x800'45b9   0x28  Code  Gb  printf.o [2]
putchar                  0x800'53e9    0xc  Code  Gb  putchar.o [2]
scalbln                  0x800'1769         Code  Gb  ldexp.o [3]
scalblnl                 0x800'1769         Code  Gb  ldexp.o [3]
scalbn                   0x800'1769         Code  Gb  ldexp.o [3]
scalbnl                  0x800'1769         Code  Gb  ldexp.o [3]
scale                    0x800'099b   0x46  Code  Lc  xprintffull.o [2]
sec_hand                0x2000'0620    0x4  Data  Lc  xfail_s.o [2]
speedControl             0x800'4efd   0x10  Code  Gb  user.o [1]
strchr                   0x800'11fd         Code  Gb  strchr.o [4]
strlen                   0x800'128d         Code  Gb  strlen.o [4]
tim_1ms_count           0x2000'0610    0x4  Data  Gb  stm32f4xx_it.o [1]
tim_count               0x2000'0608    0x4  Data  Gb  stm32f4xx_it.o [1]
tim_count2              0x2000'060c    0x4  Data  Gb  stm32f4xx_it.o [1]
uwTick                  0x2000'009c    0x4  Data  Gb  stm32f4xx_hal.o [1]
uwTickFreq              0x2000'0098    0x1  Data  Gb  stm32f4xx_hal.o [1]
uwTickPrio              0x2000'00a0    0x4  Data  Gb  stm32f4xx_hal.o [1]


[1] = D:\Cube 例程\MC6030\MC6030-Example\EWARM\MC6030\Obj
[2] = dl7M_tlf.a
[3] = m7M_tls.a
[4] = rt7M_tl.a
[5] = shb_l.a

  21 758 bytes of readonly  code memory
     199 bytes of readonly  data memory
   2 597 bytes of readwrite data memory

Errors: none
Warnings: none
